\BOOKMARK [2][]{Outline0.1}{Model}{}% 1
\BOOKMARK [1][]{Outline1}{Appendix}{}% 2
